cesga/2020 unloaded
        Preparing the environment for use of the CESGA 2022 software stack.
        Please rebuild modules cache: module --ignore-cache avail
     
cesga/2022 loaded

The following have been reloaded with a version change:
  1) cesga/2020 => cesga/2022

python/3.10.8 loaded
Warning: You are sending unauthenticated requests to the HF Hub. Please set a HF_TOKEN to enable higher rate limits and faster downloads.
Map:   0%|          | 0/512 [00:00<?, ? examples/s]Map: 100%|██████████| 512/512 [00:00<00:00, 1238.19 examples/s]Map: 100%|██████████| 512/512 [00:00<00:00, 1204.89 examples/s]
Loading weights:   0%|          | 0/197 [00:00<?, ?it/s]Loading weights:  80%|████████  | 158/197 [00:00<00:00, 1573.34it/s]Loading weights: 100%|██████████| 197/197 [00:00<00:00, 1626.77it/s]
[transformers] [1mBertForQuestionAnswering LOAD REPORT[0m from: google-bert/bert-base-uncased
Key                                        | Status     | 
-------------------------------------------+------------+-
bert.pooler.dense.bias                     | UNEXPECTED | 
cls.predictions.bias                       | UNEXPECTED | 
bert.pooler.dense.weight                   | UNEXPECTED | 
cls.predictions.transform.LayerNorm.bias   | UNEXPECTED | 
cls.predictions.transform.dense.weight     | UNEXPECTED | 
cls.predictions.transform.LayerNorm.weight | UNEXPECTED | 
cls.seq_relationship.bias                  | UNEXPECTED | 
cls.predictions.transform.dense.bias       | UNEXPECTED | 
cls.seq_relationship.weight                | UNEXPECTED | 
qa_outputs.weight                          | MISSING    | 
qa_outputs.bias                            | MISSING    | 

Notes:
- UNEXPECTED:	can be ignored when loading from different task/architecture; not ok if you expect identical arch.
- MISSING:	those params were newly initialized because missing from the checkpoint. Consider training on your downstream task.
/mnt/netapp2/Store_uni/home/ulc/cursos/curso342/mypython/lib/python3.10/site-packages/torch/profiler/profiler.py:224: UserWarning: Warning: Profiler clears events at the end of each cycle.Only events from the current cycle will be reported.To keep events across cycles, set acc_events=True.
  _warn_once(
