slurmstepd: info: Setting TMPDIR to /scratch/9878508. Previous errors about TMPDIR can be discarded
===== GPU =====
NVIDIA A100-PCIE-40GB, 570.86.15, 40960 MiB
===== TRAINING START =====
2026-09-20T19:24:40+02:00
09/20/2026 19:25:37 - WARNING - __main__ - Process rank: 0, device: cuda:0, n_gpu: 1, distributed training: False, 16-bits training: False
09/20/2026 19:25:37 - INFO - __main__ - Training/evaluation parameters TrainingArguments(
accelerator_config={'split_batches': False, 'dispatch_batches': None, 'even_batches': True, 'use_seedable_sampler': True, 'non_blocking': False, 'gradient_accumulation_kwargs': None, 'use_configured_state': False},
adam_beta1=0.9,
adam_beta2=0.999,
adam_epsilon=1e-08,
auto_find_batch_size=False,
average_tokens_across_devices=True,
batch_eval_metrics=False,
bf16=False,
bf16_full_eval=False,
data_seed=None,
dataloader_drop_last=False,
dataloader_in_order=True,
dataloader_multiprocessing_context=None,
dataloader_num_workers=0,
dataloader_persistent_workers=False,
dataloader_pin_memory=True,
dataloader_prefetch_factor=None,
ddp_backend=None,
ddp_broadcast_buffers=None,
ddp_bucket_cap_mb=None,
ddp_find_unused_parameters=None,
ddp_static_graph=None,
ddp_timeout=1800,
debug=[],
deepspeed=None,
disable_tqdm=False,
do_eval=True,
do_predict=False,
do_train=True,
enable_jit_checkpoint=False,
eval_accumulation_steps=None,
eval_delay=0,
eval_do_concat_batches=True,
eval_on_start=False,
eval_steps=None,
eval_strategy=no,
eval_use_gather_object=False,
fp16=False,
fp16_full_eval=False,
fsdp=None,
fsdp_config=None,
full_determinism=False,
gradient_accumulation_steps=1,
gradient_checkpointing=False,
gradient_checkpointing_kwargs=None,
greater_is_better=None,
hub_always_push=False,
hub_model_id=None,
hub_private_repo=None,
hub_revision=None,
hub_strategy=every_save,
hub_token=<HUB_TOKEN>,
ignore_data_skip=False,
include_for_metrics=[],
include_num_input_tokens_seen=no,
label_names=None,
label_smoothing_factor=0.0,
learning_rate=3e-05,
length_column_name=length,
liger_kernel_config=None,
load_best_model_at_end=False,
local_rank=-1,
log_level=passive,
log_level_replica=warning,
log_on_each_node=True,
logging_first_step=False,
logging_nan_inf_filter=True,
logging_steps=50,
logging_strategy=steps,
lr_scheduler_kwargs=None,
lr_scheduler_type=linear,
max_grad_norm=1.0,
max_steps=-1,
metric_for_best_model=None,
neftune_noise_alpha=None,
num_train_epochs=2.0,
optim=adamw_torch_fused,
optim_args=None,
optim_target_modules=None,
output_dir=BASELINE/outputs/run-9878508,
parallelism_config=None,
per_device_eval_batch_size=12,
per_device_train_batch_size=12,
prediction_loss_only=False,
project=huggingface,
push_to_hub=False,
remove_unused_columns=True,
report_to=[],
restore_callback_states_from_checkpoint=False,
resume_from_checkpoint=None,
run_name=None,
save_on_each_node=False,
save_only_model=False,
save_steps=500,
save_strategy=no,
save_total_limit=None,
seed=42,
skip_memory_metrics=True,
tf32=None,
torch_compile=False,
torch_compile_backend=None,
torch_compile_mode=None,
torch_empty_cache_steps=None,
trackio_bucket_id=None,
trackio_space_id=None,
trackio_static_space_id=None,
train_sampling_strategy=random,
use_cache=False,
use_cpu=False,
use_liger_kernel=False,
warmup_steps=0,
weight_decay=0.0,
)
09/20/2026 19:25:37 - WARNING - huggingface_hub.utils._http - Warning: You are sending unauthenticated requests to the HF Hub. Please set a HF_TOKEN to enable higher rate limits and faster downloads.
09/20/2026 19:25:39 - INFO - datasets.builder - Found cached dataset squad (/mnt/netapp2/Store_uni/home/ulc/cursos/curso342/hf-cache/datasets/rajpurkar___squad/plain_text/0.0.0/7b6d24c440a36b6815f21b70d25016731768db1f)
09/20/2026 19:25:41 - INFO - datasets.arrow_dataset - Caching processed dataset at /mnt/netapp2/Store_uni/home/ulc/cursos/curso342/hf-cache/datasets/rajpurkar___squad/plain_text/0.0.0/7b6d24c440a36b6815f21b70d25016731768db1f/cache-2e328daf5fb17cb0.arrow
09/20/2026 19:26:38 - INFO - datasets.arrow_dataset - Caching processed dataset at /mnt/netapp2/Store_uni/home/ulc/cursos/curso342/hf-cache/datasets/rajpurkar___squad/plain_text/0.0.0/7b6d24c440a36b6815f21b70d25016731768db1f/cache-90bfd066f6743c57.arrow
09/20/2026 19:26:46 - WARNING - accelerate.utils.other - [RANK 0] Detected kernel version 4.18.0, which is below the recommended minimum of 5.5.0; this can cause the process to hang. It is recommended to upgrade the kernel to the minimum version or higher.
{'loss': '4.407', 'grad_norm': '10.15', 'learning_rate': '2.99e-05', 'epoch': '0.00678'}
{'loss': '3.211', 'grad_norm': '22.76', 'learning_rate': '2.98e-05', 'epoch': '0.01356'}
{'loss': '2.73', 'grad_norm': '21.62', 'learning_rate': '2.97e-05', 'epoch': '0.02034'}
{'loss': '2.444', 'grad_norm': '18.51', 'learning_rate': '2.96e-05', 'epoch': '0.02712'}
{'loss': '2.32', 'grad_norm': '25.71', 'learning_rate': '2.949e-05', 'epoch': '0.0339'}
{'loss': '1.931', 'grad_norm': '13.99', 'learning_rate': '2.939e-05', 'epoch': '0.04068'}
{'loss': '1.898', 'grad_norm': '17.84', 'learning_rate': '2.929e-05', 'epoch': '0.04746'}
{'loss': '1.832', 'grad_norm': '19.07', 'learning_rate': '2.919e-05', 'epoch': '0.05424'}
{'loss': '1.673', 'grad_norm': '12.66', 'learning_rate': '2.909e-05', 'epoch': '0.06102'}
{'loss': '1.581', 'grad_norm': '20.64', 'learning_rate': '2.899e-05', 'epoch': '0.0678'}
{'loss': '1.609', 'grad_norm': '17.94', 'learning_rate': '2.888e-05', 'epoch': '0.07458'}
{'loss': '1.603', 'grad_norm': '9.996', 'learning_rate': '2.878e-05', 'epoch': '0.08136'}
{'loss': '1.542', 'grad_norm': '19.69', 'learning_rate': '2.868e-05', 'epoch': '0.08814'}
{'loss': '1.64', 'grad_norm': '23.59', 'learning_rate': '2.858e-05', 'epoch': '0.09492'}
{'loss': '1.54', 'grad_norm': '24.88', 'learning_rate': '2.848e-05', 'epoch': '0.1017'}
{'loss': '1.522', 'grad_norm': '18.83', 'learning_rate': '2.837e-05', 'epoch': '0.1085'}
{'loss': '1.475', 'grad_norm': '13.92', 'learning_rate': '2.827e-05', 'epoch': '0.1153'}
{'loss': '1.473', 'grad_norm': '27.5', 'learning_rate': '2.817e-05', 'epoch': '0.122'}
{'loss': '1.495', 'grad_norm': '15.26', 'learning_rate': '2.807e-05', 'epoch': '0.1288'}
{'loss': '1.363', 'grad_norm': '17.5', 'learning_rate': '2.797e-05', 'epoch': '0.1356'}
{'loss': '1.385', 'grad_norm': '19.03', 'learning_rate': '2.787e-05', 'epoch': '0.1424'}
{'loss': '1.324', 'grad_norm': '24.11', 'learning_rate': '2.776e-05', 'epoch': '0.1492'}
{'loss': '1.31', 'grad_norm': '20.47', 'learning_rate': '2.766e-05', 'epoch': '0.1559'}
{'loss': '1.392', 'grad_norm': '15.28', 'learning_rate': '2.756e-05', 'epoch': '0.1627'}
{'loss': '1.394', 'grad_norm': '29.69', 'learning_rate': '2.746e-05', 'epoch': '0.1695'}
{'loss': '1.393', 'grad_norm': '16.69', 'learning_rate': '2.736e-05', 'epoch': '0.1763'}
{'loss': '1.359', 'grad_norm': '13.42', 'learning_rate': '2.726e-05', 'epoch': '0.1831'}
{'loss': '1.356', 'grad_norm': '13.96', 'learning_rate': '2.715e-05', 'epoch': '0.1898'}
{'loss': '1.371', 'grad_norm': '19.62', 'learning_rate': '2.705e-05', 'epoch': '0.1966'}
{'loss': '1.25', 'grad_norm': '16.08', 'learning_rate': '2.695e-05', 'epoch': '0.2034'}
{'loss': '1.392', 'grad_norm': '21.88', 'learning_rate': '2.685e-05', 'epoch': '0.2102'}
{'loss': '1.321', 'grad_norm': '15.01', 'learning_rate': '2.675e-05', 'epoch': '0.2169'}
{'loss': '1.262', 'grad_norm': '16.29', 'learning_rate': '2.665e-05', 'epoch': '0.2237'}
{'loss': '1.271', 'grad_norm': '29.81', 'learning_rate': '2.654e-05', 'epoch': '0.2305'}
{'loss': '1.302', 'grad_norm': '24.62', 'learning_rate': '2.644e-05', 'epoch': '0.2373'}
{'loss': '1.233', 'grad_norm': '27.85', 'learning_rate': '2.634e-05', 'epoch': '0.2441'}
{'loss': '1.266', 'grad_norm': '18.28', 'learning_rate': '2.624e-05', 'epoch': '0.2508'}
{'loss': '1.234', 'grad_norm': '12.52', 'learning_rate': '2.614e-05', 'epoch': '0.2576'}
{'loss': '1.162', 'grad_norm': '15.55', 'learning_rate': '2.604e-05', 'epoch': '0.2644'}
{'loss': '1.236', 'grad_norm': '19.36', 'learning_rate': '2.593e-05', 'epoch': '0.2712'}
{'loss': '1.219', 'grad_norm': '26.78', 'learning_rate': '2.583e-05', 'epoch': '0.278'}
{'loss': '1.244', 'grad_norm': '50.15', 'learning_rate': '2.573e-05', 'epoch': '0.2847'}
{'loss': '1.273', 'grad_norm': '21.28', 'learning_rate': '2.563e-05', 'epoch': '0.2915'}
{'loss': '1.219', 'grad_norm': '20.48', 'learning_rate': '2.553e-05', 'epoch': '0.2983'}
{'loss': '1.241', 'grad_norm': '19.07', 'learning_rate': '2.543e-05', 'epoch': '0.3051'}
{'loss': '1.193', 'grad_norm': '11.23', 'learning_rate': '2.532e-05', 'epoch': '0.3119'}
{'loss': '1.163', 'grad_norm': '10.68', 'learning_rate': '2.522e-05', 'epoch': '0.3186'}
{'loss': '1.204', 'grad_norm': '26.62', 'learning_rate': '2.512e-05', 'epoch': '0.3254'}
{'loss': '1.261', 'grad_norm': '7.738', 'learning_rate': '2.502e-05', 'epoch': '0.3322'}
{'loss': '1.243', 'grad_norm': '16.08', 'learning_rate': '2.492e-05', 'epoch': '0.339'}
{'loss': '1.285', 'grad_norm': '14.79', 'learning_rate': '2.482e-05', 'epoch': '0.3458'}
{'loss': '1.253', 'grad_norm': '11.05', 'learning_rate': '2.471e-05', 'epoch': '0.3525'}
{'loss': '1.267', 'grad_norm': '19.92', 'learning_rate': '2.461e-05', 'epoch': '0.3593'}
{'loss': '1.174', 'grad_norm': '23.34', 'learning_rate': '2.451e-05', 'epoch': '0.3661'}
{'loss': '1.124', 'grad_norm': '14.27', 'learning_rate': '2.441e-05', 'epoch': '0.3729'}
{'loss': '1.255', 'grad_norm': '23.03', 'learning_rate': '2.431e-05', 'epoch': '0.3797'}
{'loss': '1.177', 'grad_norm': '25.89', 'learning_rate': '2.421e-05', 'epoch': '0.3864'}
{'loss': '1.232', 'grad_norm': '19.39', 'learning_rate': '2.41e-05', 'epoch': '0.3932'}
{'loss': '1.201', 'grad_norm': '11.79', 'learning_rate': '2.4e-05', 'epoch': '0.4'}
{'loss': '1.14', 'grad_norm': '29.55', 'learning_rate': '2.39e-05', 'epoch': '0.4068'}
{'loss': '1.205', 'grad_norm': '13.2', 'learning_rate': '2.38e-05', 'epoch': '0.4136'}
{'loss': '1.248', 'grad_norm': '20.72', 'learning_rate': '2.37e-05', 'epoch': '0.4203'}
{'loss': '1.168', 'grad_norm': '15.12', 'learning_rate': '2.36e-05', 'epoch': '0.4271'}
{'loss': '1.149', 'grad_norm': '10.91', 'learning_rate': '2.349e-05', 'epoch': '0.4339'}
{'loss': '1.166', 'grad_norm': '12.67', 'learning_rate': '2.339e-05', 'epoch': '0.4407'}
{'loss': '1.16', 'grad_norm': '10.72', 'learning_rate': '2.329e-05', 'epoch': '0.4475'}
{'loss': '1.214', 'grad_norm': '17.82', 'learning_rate': '2.319e-05', 'epoch': '0.4542'}
{'loss': '1.087', 'grad_norm': '16.94', 'learning_rate': '2.309e-05', 'epoch': '0.461'}
{'loss': '1.125', 'grad_norm': '21.54', 'learning_rate': '2.299e-05', 'epoch': '0.4678'}
{'loss': '1.112', 'grad_norm': '26.49', 'learning_rate': '2.288e-05', 'epoch': '0.4746'}
{'loss': '1.239', 'grad_norm': '22.97', 'learning_rate': '2.278e-05', 'epoch': '0.4814'}
{'loss': '1.111', 'grad_norm': '18.89', 'learning_rate': '2.268e-05', 'epoch': '0.4881'}
{'loss': '1.148', 'grad_norm': '9.791', 'learning_rate': '2.258e-05', 'epoch': '0.4949'}
{'loss': '1.293', 'grad_norm': '22.41', 'learning_rate': '2.248e-05', 'epoch': '0.5017'}
{'loss': '1.169', 'grad_norm': '13.47', 'learning_rate': '2.237e-05', 'epoch': '0.5085'}
{'loss': '1.11', 'grad_norm': '20.76', 'learning_rate': '2.227e-05', 'epoch': '0.5153'}
{'loss': '1.056', 'grad_norm': '15.91', 'learning_rate': '2.217e-05', 'epoch': '0.522'}
{'loss': '1.231', 'grad_norm': '26.94', 'learning_rate': '2.207e-05', 'epoch': '0.5288'}
{'loss': '1.064', 'grad_norm': '11.81', 'learning_rate': '2.197e-05', 'epoch': '0.5356'}
{'loss': '1.187', 'grad_norm': '14.77', 'learning_rate': '2.187e-05', 'epoch': '0.5424'}
{'loss': '1.054', 'grad_norm': '19.53', 'learning_rate': '2.176e-05', 'epoch': '0.5492'}
{'loss': '1.031', 'grad_norm': '21.19', 'learning_rate': '2.166e-05', 'epoch': '0.5559'}
{'loss': '1.117', 'grad_norm': '16.67', 'learning_rate': '2.156e-05', 'epoch': '0.5627'}
{'loss': '1.212', 'grad_norm': '9.021', 'learning_rate': '2.146e-05', 'epoch': '0.5695'}
{'loss': '1.06', 'grad_norm': '20.97', 'learning_rate': '2.136e-05', 'epoch': '0.5763'}
{'loss': '1.148', 'grad_norm': '20.32', 'learning_rate': '2.126e-05', 'epoch': '0.5831'}
{'loss': '1.104', 'grad_norm': '16.78', 'learning_rate': '2.115e-05', 'epoch': '0.5898'}
{'loss': '1.114', 'grad_norm': '15.81', 'learning_rate': '2.105e-05', 'epoch': '0.5966'}
{'loss': '1.05', 'grad_norm': '14.39', 'learning_rate': '2.095e-05', 'epoch': '0.6034'}
{'loss': '1.045', 'grad_norm': '16.76', 'learning_rate': '2.085e-05', 'epoch': '0.6102'}
{'loss': '1.071', 'grad_norm': '18.86', 'learning_rate': '2.075e-05', 'epoch': '0.6169'}
{'loss': '1.137', 'grad_norm': '20.8', 'learning_rate': '2.065e-05', 'epoch': '0.6237'}
{'loss': '0.969', 'grad_norm': '15.52', 'learning_rate': '2.054e-05', 'epoch': '0.6305'}
{'loss': '0.9864', 'grad_norm': '18.06', 'learning_rate': '2.044e-05', 'epoch': '0.6373'}
{'loss': '1.088', 'grad_norm': '9.899', 'learning_rate': '2.034e-05', 'epoch': '0.6441'}
{'loss': '1.105', 'grad_norm': '11.35', 'learning_rate': '2.024e-05', 'epoch': '0.6508'}
{'loss': '1.067', 'grad_norm': '10.94', 'learning_rate': '2.014e-05', 'epoch': '0.6576'}
{'loss': '1.14', 'grad_norm': '18.41', 'learning_rate': '2.004e-05', 'epoch': '0.6644'}
{'loss': '0.9928', 'grad_norm': '11.95', 'learning_rate': '1.993e-05', 'epoch': '0.6712'}
{'loss': '1.056', 'grad_norm': '24.45', 'learning_rate': '1.983e-05', 'epoch': '0.678'}
{'loss': '1.184', 'grad_norm': '8.795', 'learning_rate': '1.973e-05', 'epoch': '0.6847'}
{'loss': '1.071', 'grad_norm': '15.2', 'learning_rate': '1.963e-05', 'epoch': '0.6915'}
{'loss': '1.223', 'grad_norm': '14.21', 'learning_rate': '1.953e-05', 'epoch': '0.6983'}
{'loss': '1.069', 'grad_norm': '25.58', 'learning_rate': '1.943e-05', 'epoch': '0.7051'}
{'loss': '1.144', 'grad_norm': '12', 'learning_rate': '1.932e-05', 'epoch': '0.7119'}
{'loss': '1.087', 'grad_norm': '12.23', 'learning_rate': '1.922e-05', 'epoch': '0.7186'}
{'loss': '1.027', 'grad_norm': '17.78', 'learning_rate': '1.912e-05', 'epoch': '0.7254'}
{'loss': '1.059', 'grad_norm': '17.93', 'learning_rate': '1.902e-05', 'epoch': '0.7322'}
{'loss': '1.083', 'grad_norm': '14.34', 'learning_rate': '1.892e-05', 'epoch': '0.739'}
{'loss': '1.089', 'grad_norm': '14.28', 'learning_rate': '1.882e-05', 'epoch': '0.7458'}
{'loss': '1.123', 'grad_norm': '30.45', 'learning_rate': '1.871e-05', 'epoch': '0.7525'}
{'loss': '1.099', 'grad_norm': '18.61', 'learning_rate': '1.861e-05', 'epoch': '0.7593'}
{'loss': '1.076', 'grad_norm': '11.02', 'learning_rate': '1.851e-05', 'epoch': '0.7661'}
{'loss': '1.148', 'grad_norm': '14.62', 'learning_rate': '1.841e-05', 'epoch': '0.7729'}
{'loss': '1.02', 'grad_norm': '15.05', 'learning_rate': '1.831e-05', 'epoch': '0.7797'}
{'loss': '1.002', 'grad_norm': '17.2', 'learning_rate': '1.821e-05', 'epoch': '0.7864'}
{'loss': '1.091', 'grad_norm': '19.69', 'learning_rate': '1.81e-05', 'epoch': '0.7932'}
{'loss': '1.004', 'grad_norm': '27.78', 'learning_rate': '1.8e-05', 'epoch': '0.8'}
{'loss': '0.9656', 'grad_norm': '17.03', 'learning_rate': '1.79e-05', 'epoch': '0.8068'}
{'loss': '1.015', 'grad_norm': '13.51', 'learning_rate': '1.78e-05', 'epoch': '0.8136'}
{'loss': '1.004', 'grad_norm': '8.039', 'learning_rate': '1.77e-05', 'epoch': '0.8203'}
{'loss': '1.083', 'grad_norm': '16.03', 'learning_rate': '1.76e-05', 'epoch': '0.8271'}
{'loss': '0.9676', 'grad_norm': '13.12', 'learning_rate': '1.749e-05', 'epoch': '0.8339'}
{'loss': '1.035', 'grad_norm': '17.33', 'learning_rate': '1.739e-05', 'epoch': '0.8407'}
{'loss': '1.005', 'grad_norm': '14.59', 'learning_rate': '1.729e-05', 'epoch': '0.8475'}
{'loss': '1.113', 'grad_norm': '14.88', 'learning_rate': '1.719e-05', 'epoch': '0.8542'}
{'loss': '1.087', 'grad_norm': '12.93', 'learning_rate': '1.709e-05', 'epoch': '0.861'}
{'loss': '1.049', 'grad_norm': '9.746', 'learning_rate': '1.699e-05', 'epoch': '0.8678'}
{'loss': '1.04', 'grad_norm': '19.78', 'learning_rate': '1.688e-05', 'epoch': '0.8746'}
{'loss': '1.03', 'grad_norm': '20.03', 'learning_rate': '1.678e-05', 'epoch': '0.8814'}
{'loss': '1.107', 'grad_norm': '29.31', 'learning_rate': '1.668e-05', 'epoch': '0.8881'}
{'loss': '1.042', 'grad_norm': '20.54', 'learning_rate': '1.658e-05', 'epoch': '0.8949'}
{'loss': '1.104', 'grad_norm': '11.47', 'learning_rate': '1.648e-05', 'epoch': '0.9017'}
{'loss': '0.9046', 'grad_norm': '10.8', 'learning_rate': '1.637e-05', 'epoch': '0.9085'}
{'loss': '1.12', 'grad_norm': '13.42', 'learning_rate': '1.627e-05', 'epoch': '0.9153'}
{'loss': '1.001', 'grad_norm': '11.58', 'learning_rate': '1.617e-05', 'epoch': '0.922'}
{'loss': '1.007', 'grad_norm': '17.07', 'learning_rate': '1.607e-05', 'epoch': '0.9288'}
{'loss': '0.9024', 'grad_norm': '26.18', 'learning_rate': '1.597e-05', 'epoch': '0.9356'}
{'loss': '0.9927', 'grad_norm': '16.98', 'learning_rate': '1.587e-05', 'epoch': '0.9424'}
{'loss': '0.9831', 'grad_norm': '19.05', 'learning_rate': '1.576e-05', 'epoch': '0.9492'}
{'loss': '1.014', 'grad_norm': '16.63', 'learning_rate': '1.566e-05', 'epoch': '0.9559'}
{'loss': '0.9957', 'grad_norm': '20.04', 'learning_rate': '1.556e-05', 'epoch': '0.9627'}
{'loss': '1.061', 'grad_norm': '11.35', 'learning_rate': '1.546e-05', 'epoch': '0.9695'}
{'loss': '1.009', 'grad_norm': '16.96', 'learning_rate': '1.536e-05', 'epoch': '0.9763'}
{'loss': '1.067', 'grad_norm': '19.81', 'learning_rate': '1.526e-05', 'epoch': '0.9831'}
{'loss': '0.9825', 'grad_norm': '19.99', 'learning_rate': '1.515e-05', 'epoch': '0.9898'}
{'loss': '0.9445', 'grad_norm': '38.99', 'learning_rate': '1.505e-05', 'epoch': '0.9966'}
{'loss': '0.8806', 'grad_norm': '16.03', 'learning_rate': '1.495e-05', 'epoch': '1.003'}
{'loss': '0.7241', 'grad_norm': '9.135', 'learning_rate': '1.485e-05', 'epoch': '1.01'}
{'loss': '0.7251', 'grad_norm': '28.51', 'learning_rate': '1.475e-05', 'epoch': '1.017'}
{'loss': '0.667', 'grad_norm': '15.07', 'learning_rate': '1.465e-05', 'epoch': '1.024'}
{'loss': '0.686', 'grad_norm': '11.85', 'learning_rate': '1.454e-05', 'epoch': '1.031'}
{'loss': '0.7231', 'grad_norm': '13.98', 'learning_rate': '1.444e-05', 'epoch': '1.037'}
{'loss': '0.6911', 'grad_norm': '9.324', 'learning_rate': '1.434e-05', 'epoch': '1.044'}
{'loss': '0.6921', 'grad_norm': '27.48', 'learning_rate': '1.424e-05', 'epoch': '1.051'}
{'loss': '0.7296', 'grad_norm': '17.42', 'learning_rate': '1.414e-05', 'epoch': '1.058'}
{'loss': '0.7094', 'grad_norm': '23.64', 'learning_rate': '1.404e-05', 'epoch': '1.064'}
{'loss': '0.663', 'grad_norm': '14.39', 'learning_rate': '1.393e-05', 'epoch': '1.071'}
{'loss': '0.7086', 'grad_norm': '8.697', 'learning_rate': '1.383e-05', 'epoch': '1.078'}
{'loss': '0.7603', 'grad_norm': '19.61', 'learning_rate': '1.373e-05', 'epoch': '1.085'}
{'loss': '0.6956', 'grad_norm': '23.44', 'learning_rate': '1.363e-05', 'epoch': '1.092'}
{'loss': '0.7721', 'grad_norm': '12.92', 'learning_rate': '1.353e-05', 'epoch': '1.098'}
{'loss': '0.8341', 'grad_norm': '20.17', 'learning_rate': '1.343e-05', 'epoch': '1.105'}
{'loss': '0.7319', 'grad_norm': '9.151', 'learning_rate': '1.332e-05', 'epoch': '1.112'}
{'loss': '0.8163', 'grad_norm': '14.35', 'learning_rate': '1.322e-05', 'epoch': '1.119'}
{'loss': '0.7343', 'grad_norm': '9.079', 'learning_rate': '1.312e-05', 'epoch': '1.125'}
{'loss': '0.6786', 'grad_norm': '12.81', 'learning_rate': '1.302e-05', 'epoch': '1.132'}
{'loss': '0.7463', 'grad_norm': '10.83', 'learning_rate': '1.292e-05', 'epoch': '1.139'}
{'loss': '0.6864', 'grad_norm': '8.995', 'learning_rate': '1.282e-05', 'epoch': '1.146'}
{'loss': '0.7501', 'grad_norm': '5.488', 'learning_rate': '1.271e-05', 'epoch': '1.153'}
{'loss': '0.6535', 'grad_norm': '30.21', 'learning_rate': '1.261e-05', 'epoch': '1.159'}
{'loss': '0.7981', 'grad_norm': '13.09', 'learning_rate': '1.251e-05', 'epoch': '1.166'}
{'loss': '0.6194', 'grad_norm': '16.16', 'learning_rate': '1.241e-05', 'epoch': '1.173'}
{'loss': '0.679', 'grad_norm': '8.836', 'learning_rate': '1.231e-05', 'epoch': '1.18'}
{'loss': '0.6872', 'grad_norm': '10.27', 'learning_rate': '1.221e-05', 'epoch': '1.186'}
{'loss': '0.7219', 'grad_norm': '4.656', 'learning_rate': '1.21e-05', 'epoch': '1.193'}
{'loss': '0.7377', 'grad_norm': '18.17', 'learning_rate': '1.2e-05', 'epoch': '1.2'}
{'loss': '0.7411', 'grad_norm': '20.56', 'learning_rate': '1.19e-05', 'epoch': '1.207'}
{'loss': '0.681', 'grad_norm': '5.045', 'learning_rate': '1.18e-05', 'epoch': '1.214'}
{'loss': '0.7304', 'grad_norm': '30.71', 'learning_rate': '1.17e-05', 'epoch': '1.22'}
{'loss': '0.7495', 'grad_norm': '17.6', 'learning_rate': '1.16e-05', 'epoch': '1.227'}
{'loss': '0.7532', 'grad_norm': '15.2', 'learning_rate': '1.149e-05', 'epoch': '1.234'}
{'loss': '0.6726', 'grad_norm': '12.85', 'learning_rate': '1.139e-05', 'epoch': '1.241'}
{'loss': '0.7858', 'grad_norm': '19.19', 'learning_rate': '1.129e-05', 'epoch': '1.247'}
{'loss': '0.7355', 'grad_norm': '21.1', 'learning_rate': '1.119e-05', 'epoch': '1.254'}
{'loss': '0.6248', 'grad_norm': '10.25', 'learning_rate': '1.109e-05', 'epoch': '1.261'}
{'loss': '0.639', 'grad_norm': '7.633', 'learning_rate': '1.099e-05', 'epoch': '1.268'}
{'loss': '0.6246', 'grad_norm': '20.89', 'learning_rate': '1.088e-05', 'epoch': '1.275'}
{'loss': '0.7593', 'grad_norm': '19.55', 'learning_rate': '1.078e-05', 'epoch': '1.281'}
{'loss': '0.7992', 'grad_norm': '6.789', 'learning_rate': '1.068e-05', 'epoch': '1.288'}
{'loss': '0.7566', 'grad_norm': '12.13', 'learning_rate': '1.058e-05', 'epoch': '1.295'}
{'loss': '0.7622', 'grad_norm': '19.71', 'learning_rate': '1.048e-05', 'epoch': '1.302'}
{'loss': '0.6775', 'grad_norm': '15.33', 'learning_rate': '1.037e-05', 'epoch': '1.308'}
{'loss': '0.7153', 'grad_norm': '10.18', 'learning_rate': '1.027e-05', 'epoch': '1.315'}
{'loss': '0.763', 'grad_norm': '20.46', 'learning_rate': '1.017e-05', 'epoch': '1.322'}
{'loss': '0.7117', 'grad_norm': '13.37', 'learning_rate': '1.007e-05', 'epoch': '1.329'}
{'loss': '0.7717', 'grad_norm': '9.335', 'learning_rate': '9.968e-06', 'epoch': '1.336'}
{'loss': '0.7033', 'grad_norm': '9.309', 'learning_rate': '9.866e-06', 'epoch': '1.342'}
{'loss': '0.7361', 'grad_norm': '10.05', 'learning_rate': '9.765e-06', 'epoch': '1.349'}
{'loss': '0.7316', 'grad_norm': '14.5', 'learning_rate': '9.663e-06', 'epoch': '1.356'}
{'loss': '0.7304', 'grad_norm': '23.53', 'learning_rate': '9.561e-06', 'epoch': '1.363'}
{'loss': '0.6827', 'grad_norm': '16.41', 'learning_rate': '9.46e-06', 'epoch': '1.369'}
{'loss': '0.6631', 'grad_norm': '14.05', 'learning_rate': '9.358e-06', 'epoch': '1.376'}
{'loss': '0.6752', 'grad_norm': '18.08', 'learning_rate': '9.256e-06', 'epoch': '1.383'}
{'loss': '0.7232', 'grad_norm': '9.181', 'learning_rate': '9.155e-06', 'epoch': '1.39'}
{'loss': '0.7027', 'grad_norm': '12.47', 'learning_rate': '9.053e-06', 'epoch': '1.397'}
{'loss': '0.7152', 'grad_norm': '14.69', 'learning_rate': '8.951e-06', 'epoch': '1.403'}
{'loss': '0.7453', 'grad_norm': '36.09', 'learning_rate': '8.849e-06', 'epoch': '1.41'}
{'loss': '0.7132', 'grad_norm': '11.23', 'learning_rate': '8.748e-06', 'epoch': '1.417'}
{'loss': '0.704', 'grad_norm': '29.59', 'learning_rate': '8.646e-06', 'epoch': '1.424'}
{'loss': '0.7521', 'grad_norm': '17.16', 'learning_rate': '8.544e-06', 'epoch': '1.431'}
{'loss': '0.6924', 'grad_norm': '20.57', 'learning_rate': '8.443e-06', 'epoch': '1.437'}
{'loss': '0.7438', 'grad_norm': '19.5', 'learning_rate': '8.341e-06', 'epoch': '1.444'}
{'loss': '0.7699', 'grad_norm': '22.92', 'learning_rate': '8.239e-06', 'epoch': '1.451'}
{'loss': '0.7193', 'grad_norm': '43.55', 'learning_rate': '8.138e-06', 'epoch': '1.458'}
{'loss': '0.6742', 'grad_norm': '17.98', 'learning_rate': '8.036e-06', 'epoch': '1.464'}
{'loss': '0.7412', 'grad_norm': '14.01', 'learning_rate': '7.934e-06', 'epoch': '1.471'}
{'loss': '0.6916', 'grad_norm': '7.908', 'learning_rate': '7.833e-06', 'epoch': '1.478'}
{'loss': '0.7321', 'grad_norm': '14.84', 'learning_rate': '7.731e-06', 'epoch': '1.485'}
{'loss': '0.7333', 'grad_norm': '8.79', 'learning_rate': '7.629e-06', 'epoch': '1.492'}
{'loss': '0.743', 'grad_norm': '13.32', 'learning_rate': '7.527e-06', 'epoch': '1.498'}
{'loss': '0.7706', 'grad_norm': '18.5', 'learning_rate': '7.426e-06', 'epoch': '1.505'}
{'loss': '0.6972', 'grad_norm': '11.61', 'learning_rate': '7.324e-06', 'epoch': '1.512'}
{'loss': '0.7357', 'grad_norm': '19.37', 'learning_rate': '7.222e-06', 'epoch': '1.519'}
{'loss': '0.7252', 'grad_norm': '10.57', 'learning_rate': '7.121e-06', 'epoch': '1.525'}
{'loss': '0.6304', 'grad_norm': '10.91', 'learning_rate': '7.019e-06', 'epoch': '1.532'}
{'loss': '0.7398', 'grad_norm': '7.185', 'learning_rate': '6.917e-06', 'epoch': '1.539'}
{'loss': '0.7268', 'grad_norm': '6.023', 'learning_rate': '6.816e-06', 'epoch': '1.546'}
{'loss': '0.6668', 'grad_norm': '9.803', 'learning_rate': '6.714e-06', 'epoch': '1.553'}
{'loss': '0.7553', 'grad_norm': '12.95', 'learning_rate': '6.612e-06', 'epoch': '1.559'}
{'loss': '0.6792', 'grad_norm': '23.36', 'learning_rate': '6.511e-06', 'epoch': '1.566'}
{'loss': '0.6486', 'grad_norm': '6.478', 'learning_rate': '6.409e-06', 'epoch': '1.573'}
{'loss': '0.7397', 'grad_norm': '17.99', 'learning_rate': '6.307e-06', 'epoch': '1.58'}
{'loss': '0.6889', 'grad_norm': '9.01', 'learning_rate': '6.205e-06', 'epoch': '1.586'}
{'loss': '0.6828', 'grad_norm': '23.06', 'learning_rate': '6.104e-06', 'epoch': '1.593'}
{'loss': '0.7022', 'grad_norm': '40.98', 'learning_rate': '6.002e-06', 'epoch': '1.6'}
{'loss': '0.6866', 'grad_norm': '7.761', 'learning_rate': '5.9e-06', 'epoch': '1.607'}
{'loss': '0.7689', 'grad_norm': '14.53', 'learning_rate': '5.799e-06', 'epoch': '1.614'}
{'loss': '0.6577', 'grad_norm': '12.51', 'learning_rate': '5.697e-06', 'epoch': '1.62'}
{'loss': '0.6554', 'grad_norm': '11.6', 'learning_rate': '5.595e-06', 'epoch': '1.627'}
{'loss': '0.6987', 'grad_norm': '15.89', 'learning_rate': '5.494e-06', 'epoch': '1.634'}
{'loss': '0.6963', 'grad_norm': '17.82', 'learning_rate': '5.392e-06', 'epoch': '1.641'}
{'loss': '0.7589', 'grad_norm': '16.07', 'learning_rate': '5.29e-06', 'epoch': '1.647'}
{'loss': '0.6921', 'grad_norm': '8.393', 'learning_rate': '5.188e-06', 'epoch': '1.654'}
{'loss': '0.8195', 'grad_norm': '24.12', 'learning_rate': '5.087e-06', 'epoch': '1.661'}
{'loss': '0.7322', 'grad_norm': '23.57', 'learning_rate': '4.985e-06', 'epoch': '1.668'}
{'loss': '0.7328', 'grad_norm': '16.88', 'learning_rate': '4.883e-06', 'epoch': '1.675'}
{'loss': '0.6451', 'grad_norm': '9.316', 'learning_rate': '4.782e-06', 'epoch': '1.681'}
{'loss': '0.7234', 'grad_norm': '10.92', 'learning_rate': '4.68e-06', 'epoch': '1.688'}
{'loss': '0.6167', 'grad_norm': '7.999', 'learning_rate': '4.578e-06', 'epoch': '1.695'}
{'loss': '0.6139', 'grad_norm': '8.066', 'learning_rate': '4.477e-06', 'epoch': '1.702'}
{'loss': '0.7227', 'grad_norm': '14.28', 'learning_rate': '4.375e-06', 'epoch': '1.708'}
{'loss': '0.7412', 'grad_norm': '24.29', 'learning_rate': '4.273e-06', 'epoch': '1.715'}
{'loss': '0.6184', 'grad_norm': '16.3', 'learning_rate': '4.172e-06', 'epoch': '1.722'}
{'loss': '0.6365', 'grad_norm': '18.6', 'learning_rate': '4.07e-06', 'epoch': '1.729'}
{'loss': '0.7537', 'grad_norm': '28.63', 'learning_rate': '3.968e-06', 'epoch': '1.736'}
{'loss': '0.693', 'grad_norm': '12.33', 'learning_rate': '3.866e-06', 'epoch': '1.742'}
{'loss': '0.6761', 'grad_norm': '20.91', 'learning_rate': '3.765e-06', 'epoch': '1.749'}
{'loss': '0.7062', 'grad_norm': '17.94', 'learning_rate': '3.663e-06', 'epoch': '1.756'}
{'loss': '0.7059', 'grad_norm': '20.35', 'learning_rate': '3.561e-06', 'epoch': '1.763'}
{'loss': '0.7095', 'grad_norm': '8.101', 'learning_rate': '3.46e-06', 'epoch': '1.769'}
{'loss': '0.716', 'grad_norm': '18.17', 'learning_rate': '3.358e-06', 'epoch': '1.776'}
{'loss': '0.727', 'grad_norm': '14.49', 'learning_rate': '3.256e-06', 'epoch': '1.783'}
{'loss': '0.7447', 'grad_norm': '9.491', 'learning_rate': '3.155e-06', 'epoch': '1.79'}
{'loss': '0.6707', 'grad_norm': '16.88', 'learning_rate': '3.053e-06', 'epoch': '1.797'}
{'loss': '0.7134', 'grad_norm': '14.93', 'learning_rate': '2.951e-06', 'epoch': '1.803'}
{'loss': '0.7472', 'grad_norm': '10.26', 'learning_rate': '2.849e-06', 'epoch': '1.81'}
{'loss': '0.5433', 'grad_norm': '13.09', 'learning_rate': '2.748e-06', 'epoch': '1.817'}
{'loss': '0.6943', 'grad_norm': '9.739', 'learning_rate': '2.646e-06', 'epoch': '1.824'}
{'loss': '0.6913', 'grad_norm': '17.82', 'learning_rate': '2.544e-06', 'epoch': '1.831'}
{'loss': '0.6325', 'grad_norm': '10.45', 'learning_rate': '2.443e-06', 'epoch': '1.837'}
{'loss': '0.7075', 'grad_norm': '6.714', 'learning_rate': '2.341e-06', 'epoch': '1.844'}
{'loss': '0.6971', 'grad_norm': '14.31', 'learning_rate': '2.239e-06', 'epoch': '1.851'}
{'loss': '0.7912', 'grad_norm': '29.69', 'learning_rate': '2.138e-06', 'epoch': '1.858'}
{'loss': '0.6463', 'grad_norm': '18.76', 'learning_rate': '2.036e-06', 'epoch': '1.864'}
{'loss': '0.6876', 'grad_norm': '20.83', 'learning_rate': '1.934e-06', 'epoch': '1.871'}
{'loss': '0.7067', 'grad_norm': '8.318', 'learning_rate': '1.833e-06', 'epoch': '1.878'}
{'loss': '0.6489', 'grad_norm': '21.86', 'learning_rate': '1.731e-06', 'epoch': '1.885'}
{'loss': '0.6166', 'grad_norm': '13.15', 'learning_rate': '1.629e-06', 'epoch': '1.892'}
{'loss': '0.619', 'grad_norm': '12.99', 'learning_rate': '1.527e-06', 'epoch': '1.898'}
{'loss': '0.7084', 'grad_norm': '23.34', 'learning_rate': '1.426e-06', 'epoch': '1.905'}
{'loss': '0.7367', 'grad_norm': '11.34', 'learning_rate': '1.324e-06', 'epoch': '1.912'}
{'loss': '0.7256', 'grad_norm': '8.78', 'learning_rate': '1.222e-06', 'epoch': '1.919'}
{'loss': '0.6501', 'grad_norm': '5.68', 'learning_rate': '1.121e-06', 'epoch': '1.925'}
{'loss': '0.6554', 'grad_norm': '7.453', 'learning_rate': '1.019e-06', 'epoch': '1.932'}
{'loss': '0.744', 'grad_norm': '11.25', 'learning_rate': '9.173e-07', 'epoch': '1.939'}
{'loss': '0.6756', 'grad_norm': '19.03', 'learning_rate': '8.156e-07', 'epoch': '1.946'}
{'loss': '0.7679', 'grad_norm': '19.56', 'learning_rate': '7.139e-07', 'epoch': '1.953'}
{'loss': '0.6526', 'grad_norm': '8.379', 'learning_rate': '6.122e-07', 'epoch': '1.959'}
{'loss': '0.6272', 'grad_norm': '13.64', 'learning_rate': '5.105e-07', 'epoch': '1.966'}
{'loss': '0.7193', 'grad_norm': '7.071', 'learning_rate': '4.088e-07', 'epoch': '1.973'}
{'loss': '0.6868', 'grad_norm': '15.81', 'learning_rate': '3.071e-07', 'epoch': '1.98'}
{'loss': '0.6251', 'grad_norm': '7.375', 'learning_rate': '2.054e-07', 'epoch': '1.986'}
{'loss': '0.7746', 'grad_norm': '12.86', 'learning_rate': '1.037e-07', 'epoch': '1.993'}
{'loss': '0.687', 'grad_norm': '22.57', 'learning_rate': '2.034e-09', 'epoch': '2'}
{'train_runtime': '2687', 'train_samples_per_second': '65.88', 'train_steps_per_second': '5.49', 'train_loss': '0.9788', 'epoch': '2'}
***** train metrics *****
  epoch                    =        2.0
  total_flos               = 32302000GF
  train_loss               =     0.9788
  train_runtime            = 0:44:46.58
  train_samples            =      88492
  train_samples_per_second =     65.877
  train_steps_per_second   =       5.49
09/20/2026 20:11:39 - INFO - __main__ - *** Evaluate ***
09/20/2026 20:12:33 - INFO - utils_qa - Post-processing 10570 example predictions split into 10753 features.
09/20/2026 20:12:40 - INFO - utils_qa - Saving predictions to BASELINE/outputs/run-9878508/eval_predictions.json.
09/20/2026 20:12:40 - INFO - utils_qa - Saving nbest_preds to BASELINE/outputs/run-9878508/eval_nbest_predictions.json.
***** eval metrics *****
  epoch                   =        2.0
  eval_exact_match        =    80.8988
  eval_f1                 =    88.2655
  eval_runtime            = 0:00:51.98
  eval_samples            =      10753
  eval_samples_per_second =    206.842
  eval_steps_per_second   =     17.254
===== TRAINING END =====
2026-09-20T20:12:48+02:00
