slurmstepd: info: Setting TMPDIR to /scratch/9898964. Previous errors about TMPDIR can be discarded
===== DISTRIBUTED CONFIGURATION =====
JOB_ID=9898964
MASTER_ADDR=a100-18
MASTER_PORT=29500
NODES:
a100-18
a100-19
===== GPU ALLOCATION =====
NVIDIA A100-PCIE-40GB, 570.86.15, 40960 MiB
NVIDIA A100-PCIE-40GB, 570.86.15, 40960 MiB
NVIDIA A100-PCIE-40GB, 570.86.15, 40960 MiB
NVIDIA A100-PCIE-40GB, 570.86.15, 40960 MiB
===== TRAINING START =====
2026-09-21T14:01:13+02:00
09/21/2026 14:01:41 - WARNING - __main__ - Process rank: 0, device: cuda:0, n_gpu: 1, distributed training: True, 16-bits training: False
09/21/2026 14:01:41 - INFO - __main__ - Training/evaluation parameters TrainingArguments(
accelerator_config={'split_batches': False, 'dispatch_batches': None, 'even_batches': True, 'use_seedable_sampler': True, 'non_blocking': False, 'gradient_accumulation_kwargs': None, 'use_configured_state': False},
adam_beta1=0.9,
adam_beta2=0.999,
adam_epsilon=1e-08,
auto_find_batch_size=False,
average_tokens_across_devices=True,
batch_eval_metrics=False,
bf16=False,
bf16_full_eval=False,
data_seed=None,
dataloader_drop_last=False,
dataloader_in_order=True,
dataloader_multiprocessing_context=None,
dataloader_num_workers=0,
dataloader_persistent_workers=False,
dataloader_pin_memory=True,
dataloader_prefetch_factor=None,
ddp_backend=None,
ddp_broadcast_buffers=None,
ddp_bucket_cap_mb=None,
ddp_find_unused_parameters=False,
ddp_static_graph=None,
ddp_timeout=1800,
debug=[],
deepspeed=None,
disable_tqdm=False,
do_eval=True,
do_predict=False,
do_train=True,
enable_jit_checkpoint=False,
eval_accumulation_steps=None,
eval_delay=0,
eval_do_concat_batches=True,
eval_on_start=False,
eval_steps=None,
eval_strategy=no,
eval_use_gather_object=False,
fp16=False,
fp16_full_eval=False,
fsdp=None,
fsdp_config=None,
full_determinism=False,
gradient_accumulation_steps=1,
gradient_checkpointing=False,
gradient_checkpointing_kwargs=None,
greater_is_better=None,
hub_always_push=False,
hub_model_id=None,
hub_private_repo=None,
hub_revision=None,
hub_strategy=every_save,
hub_token=<HUB_TOKEN>,
ignore_data_skip=False,
include_for_metrics=[],
include_num_input_tokens_seen=no,
label_names=None,
label_smoothing_factor=0.0,
learning_rate=3e-05,
length_column_name=length,
liger_kernel_config=None,
load_best_model_at_end=False,
local_rank=-1,
log_level=passive,
log_level_replica=warning,
log_on_each_node=True,
logging_first_step=False,
logging_nan_inf_filter=True,
logging_steps=50,
logging_strategy=steps,
lr_scheduler_kwargs=None,
lr_scheduler_type=linear,
max_grad_norm=1.0,
max_steps=-1,
metric_for_best_model=None,
neftune_noise_alpha=None,
num_train_epochs=2.0,
optim=adamw_torch_fused,
optim_args=None,
optim_target_modules=None,
output_dir=DISTRIBUTED/outputs/run-9898964,
parallelism_config=None,
per_device_eval_batch_size=3,
per_device_train_batch_size=3,
prediction_loss_only=False,
project=huggingface,
push_to_hub=False,
remove_unused_columns=True,
report_to=[],
restore_callback_states_from_checkpoint=False,
resume_from_checkpoint=None,
run_name=None,
save_on_each_node=False,
save_only_model=False,
save_steps=500,
save_strategy=no,
save_total_limit=None,
seed=42,
skip_memory_metrics=True,
tf32=None,
torch_compile=False,
torch_compile_backend=None,
torch_compile_mode=None,
torch_empty_cache_steps=None,
trackio_bucket_id=None,
trackio_space_id=None,
trackio_static_space_id=None,
train_sampling_strategy=random,
use_cache=False,
use_cpu=False,
use_liger_kernel=False,
warmup_steps=0,
weight_decay=0.0,
)
09/21/2026 14:01:41 - WARNING - __main__ - Process rank: 1, device: cuda:1, n_gpu: 1, distributed training: True, 16-bits training: False
09/21/2026 14:01:41 - WARNING - __main__ - Process rank: 1, device: cuda:1, n_gpu: 1, distributed training: True, 16-bits training: False
09/21/2026 14:01:41 - WARNING - __main__ - Process rank: 0, device: cuda:0, n_gpu: 1, distributed training: True, 16-bits training: False
09/21/2026 14:01:41 - INFO - __main__ - Training/evaluation parameters TrainingArguments(
accelerator_config={'split_batches': False, 'dispatch_batches': None, 'even_batches': True, 'use_seedable_sampler': True, 'non_blocking': False, 'gradient_accumulation_kwargs': None, 'use_configured_state': False},
adam_beta1=0.9,
adam_beta2=0.999,
adam_epsilon=1e-08,
auto_find_batch_size=False,
average_tokens_across_devices=True,
batch_eval_metrics=False,
bf16=False,
bf16_full_eval=False,
data_seed=None,
dataloader_drop_last=False,
dataloader_in_order=True,
dataloader_multiprocessing_context=None,
dataloader_num_workers=0,
dataloader_persistent_workers=False,
dataloader_pin_memory=True,
dataloader_prefetch_factor=None,
ddp_backend=None,
ddp_broadcast_buffers=None,
ddp_bucket_cap_mb=None,
ddp_find_unused_parameters=False,
ddp_static_graph=None,
ddp_timeout=1800,
debug=[],
deepspeed=None,
disable_tqdm=False,
do_eval=True,
do_predict=False,
do_train=True,
enable_jit_checkpoint=False,
eval_accumulation_steps=None,
eval_delay=0,
eval_do_concat_batches=True,
eval_on_start=False,
eval_steps=None,
eval_strategy=no,
eval_use_gather_object=False,
fp16=False,
fp16_full_eval=False,
fsdp=None,
fsdp_config=None,
full_determinism=False,
gradient_accumulation_steps=1,
gradient_checkpointing=False,
gradient_checkpointing_kwargs=None,
greater_is_better=None,
hub_always_push=False,
hub_model_id=None,
hub_private_repo=None,
hub_revision=None,
hub_strategy=every_save,
hub_token=<HUB_TOKEN>,
ignore_data_skip=False,
include_for_metrics=[],
include_num_input_tokens_seen=no,
label_names=None,
label_smoothing_factor=0.0,
learning_rate=3e-05,
length_column_name=length,
liger_kernel_config=None,
load_best_model_at_end=False,
local_rank=-1,
log_level=passive,
log_level_replica=warning,
log_on_each_node=True,
logging_first_step=False,
logging_nan_inf_filter=True,
logging_steps=50,
logging_strategy=steps,
lr_scheduler_kwargs=None,
lr_scheduler_type=linear,
max_grad_norm=1.0,
max_steps=-1,
metric_for_best_model=None,
neftune_noise_alpha=None,
num_train_epochs=2.0,
optim=adamw_torch_fused,
optim_args=None,
optim_target_modules=None,
output_dir=DISTRIBUTED/outputs/run-9898964,
parallelism_config=None,
per_device_eval_batch_size=3,
per_device_train_batch_size=3,
prediction_loss_only=False,
project=huggingface,
push_to_hub=False,
remove_unused_columns=True,
report_to=[],
restore_callback_states_from_checkpoint=False,
resume_from_checkpoint=None,
run_name=None,
save_on_each_node=False,
save_only_model=False,
save_steps=500,
save_strategy=no,
save_total_limit=None,
seed=42,
skip_memory_metrics=True,
tf32=None,
torch_compile=False,
torch_compile_backend=None,
torch_compile_mode=None,
torch_empty_cache_steps=None,
trackio_bucket_id=None,
trackio_space_id=None,
trackio_static_space_id=None,
train_sampling_strategy=random,
use_cache=False,
use_cpu=False,
use_liger_kernel=False,
warmup_steps=0,
weight_decay=0.0,
)
09/21/2026 14:01:41 - WARNING - huggingface_hub.utils._http - Warning: You are sending unauthenticated requests to the HF Hub. Please set a HF_TOKEN to enable higher rate limits and faster downloads.
09/21/2026 14:01:41 - WARNING - huggingface_hub.utils._http - Warning: You are sending unauthenticated requests to the HF Hub. Please set a HF_TOKEN to enable higher rate limits and faster downloads.
09/21/2026 14:01:41 - WARNING - huggingface_hub.utils._http - Warning: You are sending unauthenticated requests to the HF Hub. Please set a HF_TOKEN to enable higher rate limits and faster downloads.
09/21/2026 14:01:41 - WARNING - huggingface_hub.utils._http - Warning: You are sending unauthenticated requests to the HF Hub. Please set a HF_TOKEN to enable higher rate limits and faster downloads.
09/21/2026 14:01:43 - INFO - datasets.builder - Found cached dataset squad (/mnt/netapp2/Store_uni/home/ulc/cursos/curso342/hf-cache/datasets/rajpurkar___squad/plain_text/0.0.0/7b6d24c440a36b6815f21b70d25016731768db1f)
09/21/2026 14:01:43 - INFO - datasets.builder - Found cached dataset squad (/mnt/netapp2/Store_uni/home/ulc/cursos/curso342/hf-cache/datasets/rajpurkar___squad/plain_text/0.0.0/7b6d24c440a36b6815f21b70d25016731768db1f)
09/21/2026 14:01:45 - INFO - datasets.arrow_dataset - Loading cached processed dataset at /mnt/netapp2/Store_uni/home/ulc/cursos/curso342/hf-cache/datasets/rajpurkar___squad/plain_text/0.0.0/7b6d24c440a36b6815f21b70d25016731768db1f/cache-2e328daf5fb17cb0_*_of_00001.arrow
09/21/2026 14:01:45 - INFO - datasets.arrow_dataset - Loading cached processed dataset at /mnt/netapp2/Store_uni/home/ulc/cursos/curso342/hf-cache/datasets/rajpurkar___squad/plain_text/0.0.0/7b6d24c440a36b6815f21b70d25016731768db1f/cache-2e328daf5fb17cb0_*_of_00001.arrow
09/21/2026 14:01:46 - INFO - datasets.arrow_dataset - Loading cached processed dataset at /mnt/netapp2/Store_uni/home/ulc/cursos/curso342/hf-cache/datasets/rajpurkar___squad/plain_text/0.0.0/7b6d24c440a36b6815f21b70d25016731768db1f/cache-90bfd066f6743c57_*_of_00001.arrow
09/21/2026 14:01:46 - INFO - datasets.arrow_dataset - Loading cached processed dataset at /mnt/netapp2/Store_uni/home/ulc/cursos/curso342/hf-cache/datasets/rajpurkar___squad/plain_text/0.0.0/7b6d24c440a36b6815f21b70d25016731768db1f/cache-90bfd066f6743c57_*_of_00001.arrow
09/21/2026 14:01:47 - WARNING - accelerate.utils.other - [RANK 0] Detected kernel version 4.18.0, which is below the recommended minimum of 5.5.0; this can cause the process to hang. It is recommended to upgrade the kernel to the minimum version or higher.
{'loss': '4.391', 'grad_norm': '12.01', 'learning_rate': '2.99e-05', 'epoch': '0.00678'}
{'loss': '3.154', 'grad_norm': '26.67', 'learning_rate': '2.98e-05', 'epoch': '0.01356'}
{'loss': '2.732', 'grad_norm': '21.89', 'learning_rate': '2.97e-05', 'epoch': '0.02034'}
{'loss': '2.465', 'grad_norm': '17.63', 'learning_rate': '2.96e-05', 'epoch': '0.02712'}
{'loss': '2.34', 'grad_norm': '20.31', 'learning_rate': '2.949e-05', 'epoch': '0.0339'}
{'loss': '1.937', 'grad_norm': '15.54', 'learning_rate': '2.939e-05', 'epoch': '0.04068'}
{'loss': '1.894', 'grad_norm': '17.92', 'learning_rate': '2.929e-05', 'epoch': '0.04746'}
{'loss': '1.858', 'grad_norm': '19.11', 'learning_rate': '2.919e-05', 'epoch': '0.05424'}
{'loss': '1.67', 'grad_norm': '11.1', 'learning_rate': '2.909e-05', 'epoch': '0.06102'}
{'loss': '1.639', 'grad_norm': '18.72', 'learning_rate': '2.899e-05', 'epoch': '0.0678'}
{'loss': '1.566', 'grad_norm': '17', 'learning_rate': '2.888e-05', 'epoch': '0.07458'}
{'loss': '1.657', 'grad_norm': '15.02', 'learning_rate': '2.878e-05', 'epoch': '0.08136'}
{'loss': '1.561', 'grad_norm': '18.91', 'learning_rate': '2.868e-05', 'epoch': '0.08814'}
{'loss': '1.619', 'grad_norm': '20.52', 'learning_rate': '2.858e-05', 'epoch': '0.09492'}
{'loss': '1.554', 'grad_norm': '21.82', 'learning_rate': '2.848e-05', 'epoch': '0.1017'}
{'loss': '1.532', 'grad_norm': '22.19', 'learning_rate': '2.837e-05', 'epoch': '0.1085'}
{'loss': '1.425', 'grad_norm': '18.15', 'learning_rate': '2.827e-05', 'epoch': '0.1153'}
{'loss': '1.489', 'grad_norm': '21.48', 'learning_rate': '2.817e-05', 'epoch': '0.122'}
{'loss': '1.51', 'grad_norm': '15.57', 'learning_rate': '2.807e-05', 'epoch': '0.1288'}
{'loss': '1.338', 'grad_norm': '23.26', 'learning_rate': '2.797e-05', 'epoch': '0.1356'}
{'loss': '1.4', 'grad_norm': '14.93', 'learning_rate': '2.787e-05', 'epoch': '0.1424'}
{'loss': '1.289', 'grad_norm': '19.34', 'learning_rate': '2.776e-05', 'epoch': '0.1492'}
{'loss': '1.337', 'grad_norm': '21.27', 'learning_rate': '2.766e-05', 'epoch': '0.1559'}
{'loss': '1.375', 'grad_norm': '16.18', 'learning_rate': '2.756e-05', 'epoch': '0.1627'}
{'loss': '1.392', 'grad_norm': '20.25', 'learning_rate': '2.746e-05', 'epoch': '0.1695'}
{'loss': '1.381', 'grad_norm': '20.24', 'learning_rate': '2.736e-05', 'epoch': '0.1763'}
{'loss': '1.38', 'grad_norm': '12.46', 'learning_rate': '2.726e-05', 'epoch': '0.1831'}
{'loss': '1.332', 'grad_norm': '15.93', 'learning_rate': '2.715e-05', 'epoch': '0.1898'}
{'loss': '1.356', 'grad_norm': '26.68', 'learning_rate': '2.705e-05', 'epoch': '0.1966'}
{'loss': '1.241', 'grad_norm': '17.02', 'learning_rate': '2.695e-05', 'epoch': '0.2034'}
{'loss': '1.351', 'grad_norm': '26.02', 'learning_rate': '2.685e-05', 'epoch': '0.2102'}
{'loss': '1.327', 'grad_norm': '9.318', 'learning_rate': '2.675e-05', 'epoch': '0.2169'}
{'loss': '1.282', 'grad_norm': '20.09', 'learning_rate': '2.665e-05', 'epoch': '0.2237'}
{'loss': '1.264', 'grad_norm': '26.08', 'learning_rate': '2.654e-05', 'epoch': '0.2305'}
{'loss': '1.33', 'grad_norm': '22.45', 'learning_rate': '2.644e-05', 'epoch': '0.2373'}
{'loss': '1.274', 'grad_norm': '17.88', 'learning_rate': '2.634e-05', 'epoch': '0.2441'}
{'loss': '1.276', 'grad_norm': '17.05', 'learning_rate': '2.624e-05', 'epoch': '0.2508'}
{'loss': '1.236', 'grad_norm': '18.17', 'learning_rate': '2.614e-05', 'epoch': '0.2576'}
{'loss': '1.184', 'grad_norm': '12.37', 'learning_rate': '2.604e-05', 'epoch': '0.2644'}
{'loss': '1.207', 'grad_norm': '21.89', 'learning_rate': '2.593e-05', 'epoch': '0.2712'}
{'loss': '1.215', 'grad_norm': '21.58', 'learning_rate': '2.583e-05', 'epoch': '0.278'}
{'loss': '1.304', 'grad_norm': '36.9', 'learning_rate': '2.573e-05', 'epoch': '0.2847'}
{'loss': '1.252', 'grad_norm': '31.83', 'learning_rate': '2.563e-05', 'epoch': '0.2915'}
{'loss': '1.177', 'grad_norm': '19.41', 'learning_rate': '2.553e-05', 'epoch': '0.2983'}
{'loss': '1.247', 'grad_norm': '33.51', 'learning_rate': '2.543e-05', 'epoch': '0.3051'}
{'loss': '1.152', 'grad_norm': '11.63', 'learning_rate': '2.532e-05', 'epoch': '0.3119'}
{'loss': '1.166', 'grad_norm': '10.68', 'learning_rate': '2.522e-05', 'epoch': '0.3186'}
{'loss': '1.234', 'grad_norm': '15.48', 'learning_rate': '2.512e-05', 'epoch': '0.3254'}
{'loss': '1.222', 'grad_norm': '12.89', 'learning_rate': '2.502e-05', 'epoch': '0.3322'}
{'loss': '1.228', 'grad_norm': '13.89', 'learning_rate': '2.492e-05', 'epoch': '0.339'}
{'loss': '1.276', 'grad_norm': '18.9', 'learning_rate': '2.482e-05', 'epoch': '0.3458'}
{'loss': '1.25', 'grad_norm': '11.6', 'learning_rate': '2.471e-05', 'epoch': '0.3525'}
{'loss': '1.258', 'grad_norm': '18.2', 'learning_rate': '2.461e-05', 'epoch': '0.3593'}
{'loss': '1.182', 'grad_norm': '22.43', 'learning_rate': '2.451e-05', 'epoch': '0.3661'}
{'loss': '1.189', 'grad_norm': '15.47', 'learning_rate': '2.441e-05', 'epoch': '0.3729'}
{'loss': '1.281', 'grad_norm': '26.43', 'learning_rate': '2.431e-05', 'epoch': '0.3797'}
{'loss': '1.17', 'grad_norm': '20.44', 'learning_rate': '2.421e-05', 'epoch': '0.3864'}
{'loss': '1.236', 'grad_norm': '16.6', 'learning_rate': '2.41e-05', 'epoch': '0.3932'}
{'loss': '1.215', 'grad_norm': '19.18', 'learning_rate': '2.4e-05', 'epoch': '0.4'}
{'loss': '1.166', 'grad_norm': '26.87', 'learning_rate': '2.39e-05', 'epoch': '0.4068'}
{'loss': '1.193', 'grad_norm': '16.41', 'learning_rate': '2.38e-05', 'epoch': '0.4136'}
{'loss': '1.264', 'grad_norm': '23', 'learning_rate': '2.37e-05', 'epoch': '0.4203'}
{'loss': '1.173', 'grad_norm': '19.97', 'learning_rate': '2.36e-05', 'epoch': '0.4271'}
{'loss': '1.184', 'grad_norm': '11.7', 'learning_rate': '2.349e-05', 'epoch': '0.4339'}
{'loss': '1.167', 'grad_norm': '16.07', 'learning_rate': '2.339e-05', 'epoch': '0.4407'}
{'loss': '1.128', 'grad_norm': '12.98', 'learning_rate': '2.329e-05', 'epoch': '0.4475'}
{'loss': '1.258', 'grad_norm': '21.84', 'learning_rate': '2.319e-05', 'epoch': '0.4542'}
{'loss': '1.057', 'grad_norm': '17.09', 'learning_rate': '2.309e-05', 'epoch': '0.461'}
{'loss': '1.11', 'grad_norm': '19.02', 'learning_rate': '2.299e-05', 'epoch': '0.4678'}
{'loss': '1.114', 'grad_norm': '31.48', 'learning_rate': '2.288e-05', 'epoch': '0.4746'}
{'loss': '1.272', 'grad_norm': '18.84', 'learning_rate': '2.278e-05', 'epoch': '0.4814'}
{'loss': '1.088', 'grad_norm': '11.95', 'learning_rate': '2.268e-05', 'epoch': '0.4881'}
{'loss': '1.169', 'grad_norm': '15.47', 'learning_rate': '2.258e-05', 'epoch': '0.4949'}
{'loss': '1.3', 'grad_norm': '20.27', 'learning_rate': '2.248e-05', 'epoch': '0.5017'}
{'loss': '1.135', 'grad_norm': '13.3', 'learning_rate': '2.237e-05', 'epoch': '0.5085'}
{'loss': '1.145', 'grad_norm': '20.93', 'learning_rate': '2.227e-05', 'epoch': '0.5153'}
{'loss': '1.035', 'grad_norm': '13.43', 'learning_rate': '2.217e-05', 'epoch': '0.522'}
{'loss': '1.223', 'grad_norm': '25.01', 'learning_rate': '2.207e-05', 'epoch': '0.5288'}
{'loss': '1.066', 'grad_norm': '11.81', 'learning_rate': '2.197e-05', 'epoch': '0.5356'}
{'loss': '1.211', 'grad_norm': '19.08', 'learning_rate': '2.187e-05', 'epoch': '0.5424'}
{'loss': '1.113', 'grad_norm': '20.13', 'learning_rate': '2.176e-05', 'epoch': '0.5492'}
{'loss': '1.051', 'grad_norm': '25.4', 'learning_rate': '2.166e-05', 'epoch': '0.5559'}
{'loss': '1.121', 'grad_norm': '13.74', 'learning_rate': '2.156e-05', 'epoch': '0.5627'}
{'loss': '1.228', 'grad_norm': '7.446', 'learning_rate': '2.146e-05', 'epoch': '0.5695'}
{'loss': '1.047', 'grad_norm': '10.67', 'learning_rate': '2.136e-05', 'epoch': '0.5763'}
{'loss': '1.097', 'grad_norm': '17.91', 'learning_rate': '2.126e-05', 'epoch': '0.5831'}
{'loss': '1.083', 'grad_norm': '9.335', 'learning_rate': '2.115e-05', 'epoch': '0.5898'}
{'loss': '1.099', 'grad_norm': '15.01', 'learning_rate': '2.105e-05', 'epoch': '0.5966'}
{'loss': '1.078', 'grad_norm': '13.93', 'learning_rate': '2.095e-05', 'epoch': '0.6034'}
{'loss': '1.062', 'grad_norm': '17.78', 'learning_rate': '2.085e-05', 'epoch': '0.6102'}
{'loss': '1.038', 'grad_norm': '13.37', 'learning_rate': '2.075e-05', 'epoch': '0.6169'}
{'loss': '1.161', 'grad_norm': '20.78', 'learning_rate': '2.065e-05', 'epoch': '0.6237'}
{'loss': '1.012', 'grad_norm': '21.4', 'learning_rate': '2.054e-05', 'epoch': '0.6305'}
{'loss': '1.009', 'grad_norm': '14.39', 'learning_rate': '2.044e-05', 'epoch': '0.6373'}
{'loss': '1.074', 'grad_norm': '10.99', 'learning_rate': '2.034e-05', 'epoch': '0.6441'}
{'loss': '1.112', 'grad_norm': '11.41', 'learning_rate': '2.024e-05', 'epoch': '0.6508'}
{'loss': '1.082', 'grad_norm': '17.68', 'learning_rate': '2.014e-05', 'epoch': '0.6576'}
{'loss': '1.138', 'grad_norm': '20.23', 'learning_rate': '2.004e-05', 'epoch': '0.6644'}
{'loss': '1.034', 'grad_norm': '10.5', 'learning_rate': '1.993e-05', 'epoch': '0.6712'}
{'loss': '1.095', 'grad_norm': '29.96', 'learning_rate': '1.983e-05', 'epoch': '0.678'}
{'loss': '1.164', 'grad_norm': '9.874', 'learning_rate': '1.973e-05', 'epoch': '0.6847'}
{'loss': '1.096', 'grad_norm': '17.53', 'learning_rate': '1.963e-05', 'epoch': '0.6915'}
{'loss': '1.17', 'grad_norm': '17.97', 'learning_rate': '1.953e-05', 'epoch': '0.6983'}
{'loss': '1.089', 'grad_norm': '25.01', 'learning_rate': '1.943e-05', 'epoch': '0.7051'}
{'loss': '1.148', 'grad_norm': '12.31', 'learning_rate': '1.932e-05', 'epoch': '0.7119'}
{'loss': '1.147', 'grad_norm': '18.36', 'learning_rate': '1.922e-05', 'epoch': '0.7186'}
{'loss': '1.033', 'grad_norm': '24.95', 'learning_rate': '1.912e-05', 'epoch': '0.7254'}
{'loss': '1.087', 'grad_norm': '21.49', 'learning_rate': '1.902e-05', 'epoch': '0.7322'}
{'loss': '1.126', 'grad_norm': '19.04', 'learning_rate': '1.892e-05', 'epoch': '0.739'}
{'loss': '1.081', 'grad_norm': '13.5', 'learning_rate': '1.882e-05', 'epoch': '0.7458'}
{'loss': '1.07', 'grad_norm': '27.63', 'learning_rate': '1.871e-05', 'epoch': '0.7525'}
{'loss': '1.104', 'grad_norm': '10.57', 'learning_rate': '1.861e-05', 'epoch': '0.7593'}
{'loss': '1.092', 'grad_norm': '10.62', 'learning_rate': '1.851e-05', 'epoch': '0.7661'}
{'loss': '1.129', 'grad_norm': '13.7', 'learning_rate': '1.841e-05', 'epoch': '0.7729'}
{'loss': '0.9886', 'grad_norm': '24.17', 'learning_rate': '1.831e-05', 'epoch': '0.7797'}
{'loss': '1.016', 'grad_norm': '15.58', 'learning_rate': '1.821e-05', 'epoch': '0.7864'}
{'loss': '1.084', 'grad_norm': '15.86', 'learning_rate': '1.81e-05', 'epoch': '0.7932'}
{'loss': '1.039', 'grad_norm': '22.78', 'learning_rate': '1.8e-05', 'epoch': '0.8'}
{'loss': '0.9671', 'grad_norm': '14.42', 'learning_rate': '1.79e-05', 'epoch': '0.8068'}
{'loss': '0.9962', 'grad_norm': '12.73', 'learning_rate': '1.78e-05', 'epoch': '0.8136'}
{'loss': '1.012', 'grad_norm': '9.656', 'learning_rate': '1.77e-05', 'epoch': '0.8203'}
{'loss': '1.073', 'grad_norm': '18.36', 'learning_rate': '1.76e-05', 'epoch': '0.8271'}
{'loss': '1.012', 'grad_norm': '14.49', 'learning_rate': '1.749e-05', 'epoch': '0.8339'}
{'loss': '1.051', 'grad_norm': '12.82', 'learning_rate': '1.739e-05', 'epoch': '0.8407'}
{'loss': '1.038', 'grad_norm': '20.87', 'learning_rate': '1.729e-05', 'epoch': '0.8475'}
{'loss': '1.139', 'grad_norm': '16.02', 'learning_rate': '1.719e-05', 'epoch': '0.8542'}
{'loss': '1.11', 'grad_norm': '11.27', 'learning_rate': '1.709e-05', 'epoch': '0.861'}
{'loss': '1.036', 'grad_norm': '9.502', 'learning_rate': '1.699e-05', 'epoch': '0.8678'}
{'loss': '1.034', 'grad_norm': '15.44', 'learning_rate': '1.688e-05', 'epoch': '0.8746'}
{'loss': '1.006', 'grad_norm': '25.3', 'learning_rate': '1.678e-05', 'epoch': '0.8814'}
{'loss': '1.123', 'grad_norm': '26', 'learning_rate': '1.668e-05', 'epoch': '0.8881'}
{'loss': '1.111', 'grad_norm': '18.38', 'learning_rate': '1.658e-05', 'epoch': '0.8949'}
{'loss': '1.084', 'grad_norm': '12.64', 'learning_rate': '1.648e-05', 'epoch': '0.9017'}
{'loss': '0.9207', 'grad_norm': '12.02', 'learning_rate': '1.637e-05', 'epoch': '0.9085'}
{'loss': '1.154', 'grad_norm': '18.65', 'learning_rate': '1.627e-05', 'epoch': '0.9153'}
{'loss': '0.9842', 'grad_norm': '13.5', 'learning_rate': '1.617e-05', 'epoch': '0.922'}
{'loss': '0.979', 'grad_norm': '14.68', 'learning_rate': '1.607e-05', 'epoch': '0.9288'}
{'loss': '0.8948', 'grad_norm': '30.63', 'learning_rate': '1.597e-05', 'epoch': '0.9356'}
{'loss': '1.013', 'grad_norm': '17.96', 'learning_rate': '1.587e-05', 'epoch': '0.9424'}
{'loss': '1.007', 'grad_norm': '21.18', 'learning_rate': '1.576e-05', 'epoch': '0.9492'}
{'loss': '1.025', 'grad_norm': '14.71', 'learning_rate': '1.566e-05', 'epoch': '0.9559'}
{'loss': '0.9719', 'grad_norm': '16.13', 'learning_rate': '1.556e-05', 'epoch': '0.9627'}
{'loss': '1.033', 'grad_norm': '6.737', 'learning_rate': '1.546e-05', 'epoch': '0.9695'}
{'loss': '0.9946', 'grad_norm': '19.13', 'learning_rate': '1.536e-05', 'epoch': '0.9763'}
{'loss': '1.082', 'grad_norm': '21.78', 'learning_rate': '1.526e-05', 'epoch': '0.9831'}
{'loss': '0.9716', 'grad_norm': '24.82', 'learning_rate': '1.515e-05', 'epoch': '0.9898'}
{'loss': '0.9757', 'grad_norm': '18.71', 'learning_rate': '1.505e-05', 'epoch': '0.9966'}
{'loss': '0.9059', 'grad_norm': '18.18', 'learning_rate': '1.495e-05', 'epoch': '1.003'}
{'loss': '0.6984', 'grad_norm': '10.69', 'learning_rate': '1.485e-05', 'epoch': '1.01'}
{'loss': '0.7771', 'grad_norm': '29.46', 'learning_rate': '1.475e-05', 'epoch': '1.017'}
{'loss': '0.6825', 'grad_norm': '16.5', 'learning_rate': '1.465e-05', 'epoch': '1.024'}
{'loss': '0.6863', 'grad_norm': '10.42', 'learning_rate': '1.454e-05', 'epoch': '1.031'}
{'loss': '0.7228', 'grad_norm': '6.72', 'learning_rate': '1.444e-05', 'epoch': '1.037'}
{'loss': '0.6884', 'grad_norm': '10.61', 'learning_rate': '1.434e-05', 'epoch': '1.044'}
{'loss': '0.6991', 'grad_norm': '17.58', 'learning_rate': '1.424e-05', 'epoch': '1.051'}
{'loss': '0.7627', 'grad_norm': '9.672', 'learning_rate': '1.414e-05', 'epoch': '1.058'}
{'loss': '0.7247', 'grad_norm': '20.38', 'learning_rate': '1.404e-05', 'epoch': '1.064'}
{'loss': '0.6802', 'grad_norm': '65.26', 'learning_rate': '1.393e-05', 'epoch': '1.071'}
{'loss': '0.6945', 'grad_norm': '12.02', 'learning_rate': '1.383e-05', 'epoch': '1.078'}
{'loss': '0.718', 'grad_norm': '19.63', 'learning_rate': '1.373e-05', 'epoch': '1.085'}
{'loss': '0.694', 'grad_norm': '19.08', 'learning_rate': '1.363e-05', 'epoch': '1.092'}
{'loss': '0.8309', 'grad_norm': '14.62', 'learning_rate': '1.353e-05', 'epoch': '1.098'}
{'loss': '0.7989', 'grad_norm': '15.8', 'learning_rate': '1.343e-05', 'epoch': '1.105'}
{'loss': '0.7412', 'grad_norm': '9.627', 'learning_rate': '1.332e-05', 'epoch': '1.112'}
{'loss': '0.8237', 'grad_norm': '14.23', 'learning_rate': '1.322e-05', 'epoch': '1.119'}
{'loss': '0.7526', 'grad_norm': '8.471', 'learning_rate': '1.312e-05', 'epoch': '1.125'}
{'loss': '0.6809', 'grad_norm': '10.59', 'learning_rate': '1.302e-05', 'epoch': '1.132'}
{'loss': '0.7453', 'grad_norm': '12.63', 'learning_rate': '1.292e-05', 'epoch': '1.139'}
{'loss': '0.7081', 'grad_norm': '8.292', 'learning_rate': '1.282e-05', 'epoch': '1.146'}
{'loss': '0.7175', 'grad_norm': '4.273', 'learning_rate': '1.271e-05', 'epoch': '1.153'}
{'loss': '0.7129', 'grad_norm': '19.35', 'learning_rate': '1.261e-05', 'epoch': '1.159'}
{'loss': '0.7879', 'grad_norm': '17.1', 'learning_rate': '1.251e-05', 'epoch': '1.166'}
{'loss': '0.6314', 'grad_norm': '14.61', 'learning_rate': '1.241e-05', 'epoch': '1.173'}
{'loss': '0.6687', 'grad_norm': '6.108', 'learning_rate': '1.231e-05', 'epoch': '1.18'}
{'loss': '0.7394', 'grad_norm': '22.53', 'learning_rate': '1.221e-05', 'epoch': '1.186'}
{'loss': '0.7321', 'grad_norm': '5.086', 'learning_rate': '1.21e-05', 'epoch': '1.193'}
{'loss': '0.7409', 'grad_norm': '20.33', 'learning_rate': '1.2e-05', 'epoch': '1.2'}
{'loss': '0.7272', 'grad_norm': '19.35', 'learning_rate': '1.19e-05', 'epoch': '1.207'}
{'loss': '0.6855', 'grad_norm': '3.449', 'learning_rate': '1.18e-05', 'epoch': '1.214'}
{'loss': '0.7468', 'grad_norm': '23.81', 'learning_rate': '1.17e-05', 'epoch': '1.22'}
{'loss': '0.7686', 'grad_norm': '11.48', 'learning_rate': '1.16e-05', 'epoch': '1.227'}
{'loss': '0.8052', 'grad_norm': '13.18', 'learning_rate': '1.149e-05', 'epoch': '1.234'}
{'loss': '0.6436', 'grad_norm': '12.69', 'learning_rate': '1.139e-05', 'epoch': '1.241'}
{'loss': '0.802', 'grad_norm': '14.38', 'learning_rate': '1.129e-05', 'epoch': '1.247'}
{'loss': '0.7321', 'grad_norm': '23.96', 'learning_rate': '1.119e-05', 'epoch': '1.254'}
{'loss': '0.6445', 'grad_norm': '46.95', 'learning_rate': '1.109e-05', 'epoch': '1.261'}
{'loss': '0.6473', 'grad_norm': '20.67', 'learning_rate': '1.099e-05', 'epoch': '1.268'}
{'loss': '0.6828', 'grad_norm': '19.32', 'learning_rate': '1.088e-05', 'epoch': '1.275'}
{'loss': '0.7498', 'grad_norm': '19.04', 'learning_rate': '1.078e-05', 'epoch': '1.281'}
{'loss': '0.801', 'grad_norm': '6.159', 'learning_rate': '1.068e-05', 'epoch': '1.288'}
{'loss': '0.7445', 'grad_norm': '13.67', 'learning_rate': '1.058e-05', 'epoch': '1.295'}
{'loss': '0.7313', 'grad_norm': '31.61', 'learning_rate': '1.048e-05', 'epoch': '1.302'}
{'loss': '0.6903', 'grad_norm': '17.06', 'learning_rate': '1.037e-05', 'epoch': '1.308'}
{'loss': '0.7073', 'grad_norm': '10.15', 'learning_rate': '1.027e-05', 'epoch': '1.315'}
{'loss': '0.7709', 'grad_norm': '18.98', 'learning_rate': '1.017e-05', 'epoch': '1.322'}
{'loss': '0.7164', 'grad_norm': '11.82', 'learning_rate': '1.007e-05', 'epoch': '1.329'}
{'loss': '0.8191', 'grad_norm': '10.75', 'learning_rate': '9.968e-06', 'epoch': '1.336'}
{'loss': '0.6955', 'grad_norm': '18.55', 'learning_rate': '9.866e-06', 'epoch': '1.342'}
{'loss': '0.7607', 'grad_norm': '16.97', 'learning_rate': '9.765e-06', 'epoch': '1.349'}
{'loss': '0.7197', 'grad_norm': '11.52', 'learning_rate': '9.663e-06', 'epoch': '1.356'}
{'loss': '0.7776', 'grad_norm': '18.75', 'learning_rate': '9.561e-06', 'epoch': '1.363'}
{'loss': '0.6673', 'grad_norm': '18.97', 'learning_rate': '9.46e-06', 'epoch': '1.369'}
{'loss': '0.652', 'grad_norm': '13.13', 'learning_rate': '9.358e-06', 'epoch': '1.376'}
{'loss': '0.7089', 'grad_norm': '17.9', 'learning_rate': '9.256e-06', 'epoch': '1.383'}
{'loss': '0.7437', 'grad_norm': '12.77', 'learning_rate': '9.155e-06', 'epoch': '1.39'}
{'loss': '0.6856', 'grad_norm': '12.3', 'learning_rate': '9.053e-06', 'epoch': '1.397'}
{'loss': '0.7362', 'grad_norm': '19.96', 'learning_rate': '8.951e-06', 'epoch': '1.403'}
{'loss': '0.7242', 'grad_norm': '19.41', 'learning_rate': '8.849e-06', 'epoch': '1.41'}
{'loss': '0.7229', 'grad_norm': '14.47', 'learning_rate': '8.748e-06', 'epoch': '1.417'}
{'loss': '0.6918', 'grad_norm': '24.07', 'learning_rate': '8.646e-06', 'epoch': '1.424'}
{'loss': '0.768', 'grad_norm': '21.66', 'learning_rate': '8.544e-06', 'epoch': '1.431'}
{'loss': '0.671', 'grad_norm': '13.63', 'learning_rate': '8.443e-06', 'epoch': '1.437'}
{'loss': '0.7334', 'grad_norm': '18.56', 'learning_rate': '8.341e-06', 'epoch': '1.444'}
{'loss': '0.7504', 'grad_norm': '20.6', 'learning_rate': '8.239e-06', 'epoch': '1.451'}
{'loss': '0.7214', 'grad_norm': '23.71', 'learning_rate': '8.138e-06', 'epoch': '1.458'}
{'loss': '0.6663', 'grad_norm': '14.89', 'learning_rate': '8.036e-06', 'epoch': '1.464'}
{'loss': '0.7389', 'grad_norm': '12.47', 'learning_rate': '7.934e-06', 'epoch': '1.471'}
{'loss': '0.6977', 'grad_norm': '8.955', 'learning_rate': '7.833e-06', 'epoch': '1.478'}
{'loss': '0.7876', 'grad_norm': '21.7', 'learning_rate': '7.731e-06', 'epoch': '1.485'}
{'loss': '0.6984', 'grad_norm': '14.61', 'learning_rate': '7.629e-06', 'epoch': '1.492'}
{'loss': '0.7302', 'grad_norm': '18.42', 'learning_rate': '7.527e-06', 'epoch': '1.498'}
{'loss': '0.7195', 'grad_norm': '16.46', 'learning_rate': '7.426e-06', 'epoch': '1.505'}
{'loss': '0.6939', 'grad_norm': '14.92', 'learning_rate': '7.324e-06', 'epoch': '1.512'}
{'loss': '0.7742', 'grad_norm': '18.09', 'learning_rate': '7.222e-06', 'epoch': '1.519'}
{'loss': '0.7228', 'grad_norm': '21.32', 'learning_rate': '7.121e-06', 'epoch': '1.525'}
{'loss': '0.6551', 'grad_norm': '8.643', 'learning_rate': '7.019e-06', 'epoch': '1.532'}
{'loss': '0.7103', 'grad_norm': '5.849', 'learning_rate': '6.917e-06', 'epoch': '1.539'}
{'loss': '0.7251', 'grad_norm': '6.291', 'learning_rate': '6.816e-06', 'epoch': '1.546'}
{'loss': '0.7016', 'grad_norm': '13.67', 'learning_rate': '6.714e-06', 'epoch': '1.553'}
{'loss': '0.7359', 'grad_norm': '7.87', 'learning_rate': '6.612e-06', 'epoch': '1.559'}
{'loss': '0.706', 'grad_norm': '23.04', 'learning_rate': '6.511e-06', 'epoch': '1.566'}
{'loss': '0.6902', 'grad_norm': '4.135', 'learning_rate': '6.409e-06', 'epoch': '1.573'}
{'loss': '0.7598', 'grad_norm': '25.85', 'learning_rate': '6.307e-06', 'epoch': '1.58'}
{'loss': '0.6707', 'grad_norm': '8.069', 'learning_rate': '6.205e-06', 'epoch': '1.586'}
{'loss': '0.7199', 'grad_norm': '20.11', 'learning_rate': '6.104e-06', 'epoch': '1.593'}
{'loss': '0.7134', 'grad_norm': '25.25', 'learning_rate': '6.002e-06', 'epoch': '1.6'}
{'loss': '0.6959', 'grad_norm': '8.989', 'learning_rate': '5.9e-06', 'epoch': '1.607'}
{'loss': '0.7862', 'grad_norm': '23.34', 'learning_rate': '5.799e-06', 'epoch': '1.614'}
{'loss': '0.6446', 'grad_norm': '13.45', 'learning_rate': '5.697e-06', 'epoch': '1.62'}
{'loss': '0.6531', 'grad_norm': '13.42', 'learning_rate': '5.595e-06', 'epoch': '1.627'}
{'loss': '0.726', 'grad_norm': '26.8', 'learning_rate': '5.494e-06', 'epoch': '1.634'}
{'loss': '0.6852', 'grad_norm': '16.38', 'learning_rate': '5.392e-06', 'epoch': '1.641'}
{'loss': '0.7624', 'grad_norm': '17.8', 'learning_rate': '5.29e-06', 'epoch': '1.647'}
{'loss': '0.7019', 'grad_norm': '9.688', 'learning_rate': '5.188e-06', 'epoch': '1.654'}
{'loss': '0.8012', 'grad_norm': '28.01', 'learning_rate': '5.087e-06', 'epoch': '1.661'}
{'loss': '0.7073', 'grad_norm': '6.251', 'learning_rate': '4.985e-06', 'epoch': '1.668'}
{'loss': '0.7411', 'grad_norm': '17.62', 'learning_rate': '4.883e-06', 'epoch': '1.675'}
{'loss': '0.6659', 'grad_norm': '8.798', 'learning_rate': '4.782e-06', 'epoch': '1.681'}
{'loss': '0.719', 'grad_norm': '12.8', 'learning_rate': '4.68e-06', 'epoch': '1.688'}
{'loss': '0.6056', 'grad_norm': '6.925', 'learning_rate': '4.578e-06', 'epoch': '1.695'}
{'loss': '0.5999', 'grad_norm': '14.4', 'learning_rate': '4.477e-06', 'epoch': '1.702'}
{'loss': '0.7003', 'grad_norm': '15.73', 'learning_rate': '4.375e-06', 'epoch': '1.708'}
{'loss': '0.7222', 'grad_norm': '12.8', 'learning_rate': '4.273e-06', 'epoch': '1.715'}
{'loss': '0.6727', 'grad_norm': '20.93', 'learning_rate': '4.172e-06', 'epoch': '1.722'}
{'loss': '0.6592', 'grad_norm': '15.76', 'learning_rate': '4.07e-06', 'epoch': '1.729'}
{'loss': '0.7429', 'grad_norm': '22.37', 'learning_rate': '3.968e-06', 'epoch': '1.736'}
{'loss': '0.6774', 'grad_norm': '9.725', 'learning_rate': '3.866e-06', 'epoch': '1.742'}
{'loss': '0.7263', 'grad_norm': '26.82', 'learning_rate': '3.765e-06', 'epoch': '1.749'}
{'loss': '0.7211', 'grad_norm': '11.9', 'learning_rate': '3.663e-06', 'epoch': '1.756'}
{'loss': '0.7006', 'grad_norm': '18.2', 'learning_rate': '3.561e-06', 'epoch': '1.763'}
{'loss': '0.7182', 'grad_norm': '8.561', 'learning_rate': '3.46e-06', 'epoch': '1.769'}
{'loss': '0.7093', 'grad_norm': '17.8', 'learning_rate': '3.358e-06', 'epoch': '1.776'}
{'loss': '0.7437', 'grad_norm': '19.25', 'learning_rate': '3.256e-06', 'epoch': '1.783'}
{'loss': '0.7933', 'grad_norm': '15.25', 'learning_rate': '3.155e-06', 'epoch': '1.79'}
{'loss': '0.6688', 'grad_norm': '11.99', 'learning_rate': '3.053e-06', 'epoch': '1.797'}
{'loss': '0.7295', 'grad_norm': '11.01', 'learning_rate': '2.951e-06', 'epoch': '1.803'}
{'loss': '0.7245', 'grad_norm': '10.46', 'learning_rate': '2.849e-06', 'epoch': '1.81'}
{'loss': '0.5668', 'grad_norm': '17.25', 'learning_rate': '2.748e-06', 'epoch': '1.817'}
{'loss': '0.6533', 'grad_norm': '8.562', 'learning_rate': '2.646e-06', 'epoch': '1.824'}
{'loss': '0.7119', 'grad_norm': '17.4', 'learning_rate': '2.544e-06', 'epoch': '1.831'}
{'loss': '0.6325', 'grad_norm': '8.629', 'learning_rate': '2.443e-06', 'epoch': '1.837'}
{'loss': '0.7213', 'grad_norm': '9.532', 'learning_rate': '2.341e-06', 'epoch': '1.844'}
{'loss': '0.6942', 'grad_norm': '21.93', 'learning_rate': '2.239e-06', 'epoch': '1.851'}
{'loss': '0.7137', 'grad_norm': '29.09', 'learning_rate': '2.138e-06', 'epoch': '1.858'}
{'loss': '0.6459', 'grad_norm': '18.47', 'learning_rate': '2.036e-06', 'epoch': '1.864'}
{'loss': '0.6716', 'grad_norm': '4.588', 'learning_rate': '1.934e-06', 'epoch': '1.871'}
{'loss': '0.7434', 'grad_norm': '21.12', 'learning_rate': '1.833e-06', 'epoch': '1.878'}
{'loss': '0.6499', 'grad_norm': '11.26', 'learning_rate': '1.731e-06', 'epoch': '1.885'}
{'loss': '0.6542', 'grad_norm': '14.47', 'learning_rate': '1.629e-06', 'epoch': '1.892'}
{'loss': '0.611', 'grad_norm': '8.016', 'learning_rate': '1.527e-06', 'epoch': '1.898'}
{'loss': '0.6901', 'grad_norm': '17.87', 'learning_rate': '1.426e-06', 'epoch': '1.905'}
{'loss': '0.7079', 'grad_norm': '10.4', 'learning_rate': '1.324e-06', 'epoch': '1.912'}
{'loss': '0.7042', 'grad_norm': '16.81', 'learning_rate': '1.222e-06', 'epoch': '1.919'}
{'loss': '0.6767', 'grad_norm': '11.18', 'learning_rate': '1.121e-06', 'epoch': '1.925'}
{'loss': '0.6873', 'grad_norm': '18.03', 'learning_rate': '1.019e-06', 'epoch': '1.932'}
{'loss': '0.717', 'grad_norm': '10.01', 'learning_rate': '9.173e-07', 'epoch': '1.939'}
{'loss': '0.6688', 'grad_norm': '19.34', 'learning_rate': '8.156e-07', 'epoch': '1.946'}
{'loss': '0.8086', 'grad_norm': '26.12', 'learning_rate': '7.139e-07', 'epoch': '1.953'}
{'loss': '0.6645', 'grad_norm': '12.19', 'learning_rate': '6.122e-07', 'epoch': '1.959'}
{'loss': '0.6215', 'grad_norm': '14.5', 'learning_rate': '5.105e-07', 'epoch': '1.966'}
{'loss': '0.7167', 'grad_norm': '9.484', 'learning_rate': '4.088e-07', 'epoch': '1.973'}
{'loss': '0.6944', 'grad_norm': '13.9', 'learning_rate': '3.071e-07', 'epoch': '1.98'}
{'loss': '0.5938', 'grad_norm': '8.673', 'learning_rate': '2.054e-07', 'epoch': '1.986'}
{'loss': '0.7964', 'grad_norm': '11.82', 'learning_rate': '1.037e-07', 'epoch': '1.993'}
{'loss': '0.6999', 'grad_norm': '12.62', 'learning_rate': '2.034e-09', 'epoch': '2'}
{'train_runtime': '1270', 'train_samples_per_second': '139.3', 'train_steps_per_second': '11.61', 'train_loss': '0.983', 'epoch': '2'}
09/21/2026 14:23:01 - INFO - __main__ - *** Evaluate ***
***** train metrics *****
  epoch                    =        2.0
  total_flos               = 32304919GF
  train_loss               =      0.983
  train_runtime            = 0:21:10.47
  train_samples            =      88492
  train_samples_per_second =    139.305
  train_steps_per_second   =      11.61
09/21/2026 14:23:02 - INFO - __main__ - *** Evaluate ***
09/21/2026 14:23:20 - INFO - utils_qa - Post-processing 10570 example predictions split into 10753 features.
09/21/2026 14:23:27 - INFO - utils_qa - Saving predictions to DISTRIBUTED/outputs/run-9898964/eval_predictions.json.
09/21/2026 14:23:28 - INFO - utils_qa - Saving nbest_preds to DISTRIBUTED/outputs/run-9898964/eval_nbest_predictions.json.
***** eval metrics *****
  epoch                   =        2.0
  eval_exact_match        =    81.0974
  eval_f1                 =    88.2824
  eval_runtime            = 0:00:16.40
  eval_samples            =      10753
  eval_samples_per_second =    655.664
  eval_steps_per_second   =     54.695
===== TRAINING END =====
2026-09-21T14:23:35+02:00
